#-----------------------------------------------------------
# Vivado v2019.1 (64-bit)
# SW Build 2552052 on Fri May 24 14:49:42 MDT 2019
# IP Build 2548770 on Fri May 24 18:01:18 MDT 2019
# Start of session at: Tue Apr  5 20:03:08 2022
# Process ID: 14940
# Current directory: C:/Users/Mateusz/Desktop/Magisterka_semestr_1/SDUP/repo/SDUP/lab4_pipeline/cordic_acc
# Command line: vivado.exe -gui_launcher_event rodinguilauncherevent12304 C:\Users\Mateusz\Desktop\Magisterka_semestr_1\SDUP\repo\SDUP\lab4_pipeline\cordic_acc\cordic_acc.xpr
# Log file: C:/Users/Mateusz/Desktop/Magisterka_semestr_1/SDUP/repo/SDUP/lab4_pipeline/cordic_acc/vivado.log
# Journal file: C:/Users/Mateusz/Desktop/Magisterka_semestr_1/SDUP/repo/SDUP/lab4_pipeline/cordic_acc\vivado.jou
#-----------------------------------------------------------
start_gui
open_project C:/Users/Mateusz/Desktop/Magisterka_semestr_1/SDUP/repo/SDUP/lab4_pipeline/cordic_acc/cordic_acc.xpr
update_compile_order -fileset sources_1
open_bd_design {C:/Users/Mateusz/Desktop/Magisterka_semestr_1/SDUP/repo/SDUP/lab4_pipeline/cordic_acc/cordic_acc.srcs/sources_1/bd/design_acc/design_acc.bd}
ipx::edit_ip_in_project -upgrade true -name cordic_ip_v1_0_project -directory C:/Users/Mateusz/Desktop/Magisterka_semestr_1/SDUP/repo/SDUP/lab4_pipeline/cordic_acc/cordic_acc.tmp/cordic_ip_v1_0_project c:/Users/Mateusz/Desktop/Magisterka_semestr_1/SDUP/repo/SDUP/lab4_pipeline/ip_repo/cordic_ip_1.0/component.xml
update_compile_order -fileset sources_1
add_files -norecurse -copy_to c:/Users/Mateusz/Desktop/Magisterka_semestr_1/SDUP/repo/SDUP/lab4_pipeline/ip_repo/cordic_ip_1.0/src {C:/Users/Mateusz/Desktop/Magisterka_semestr_1/SDUP/repo/SDUP/lab4_pipeline/ip_repo/cordic_ip_1.0/hdl/cordic_pipe_rtl.v C:/Users/Mateusz/Desktop/Magisterka_semestr_1/SDUP/repo/SDUP/lab4_pipeline/ip_repo/cordic_ip_1.0/hdl/mul_Kn.v C:/Users/Mateusz/Desktop/Magisterka_semestr_1/SDUP/repo/SDUP/lab4_pipeline/ip_repo/cordic_ip_1.0/hdl/cordic_step.v}
update_compile_order -fileset sources_1
set_property SOURCE_SET sources_1 [get_filesets sim_1]
close [ open C:/Users/Mateusz/Desktop/Magisterka_semestr_1/SDUP/repo/SDUP/lab4_pipeline/ip_repo/cordic_ip_1.0/hdl/cordc_pipe_rtl_TB.v w ]
add_files -fileset sim_1 C:/Users/Mateusz/Desktop/Magisterka_semestr_1/SDUP/repo/SDUP/lab4_pipeline/ip_repo/cordic_ip_1.0/hdl/cordc_pipe_rtl_TB.v
update_compile_order -fileset sim_1
export_ip_user_files -of_objects  [get_files C:/Users/Mateusz/Desktop/Magisterka_semestr_1/SDUP/repo/SDUP/lab4_pipeline/ip_repo/cordic_ip_1.0/hdl/cordc_pipe_rtl_TB.v] -no_script -reset -force -quiet
remove_files  -fileset sim_1 C:/Users/Mateusz/Desktop/Magisterka_semestr_1/SDUP/repo/SDUP/lab4_pipeline/ip_repo/cordic_ip_1.0/hdl/cordc_pipe_rtl_TB.v
set_property SOURCE_SET sources_1 [get_filesets sim_1]
close [ open C:/Users/Mateusz/Desktop/Magisterka_semestr_1/SDUP/repo/SDUP/lab4_pipeline/ip_repo/cordic_ip_1.0/hdl/cordic_pipe_rtl_TB.v w ]
add_files -fileset sim_1 C:/Users/Mateusz/Desktop/Magisterka_semestr_1/SDUP/repo/SDUP/lab4_pipeline/ip_repo/cordic_ip_1.0/hdl/cordic_pipe_rtl_TB.v
update_compile_order -fileset sim_1
# Disabling source management mode.  This is to allow the top design properties to be set without GUI intervention.
set_property source_mgmt_mode None [current_project]
set_property top cordic_pipe_rtl_TB [get_filesets sim_1]
set_property top_lib xil_defaultlib [get_filesets sim_1]
# Re-enabling previously disabled source management mode.
set_property source_mgmt_mode All [current_project]
launch_simulation
source cordic_pipe_rtl_TB.tcl
update_compile_order -fileset sim_1
close_sim
close [ open C:/Users/Mateusz/Desktop/Magisterka_semestr_1/SDUP/repo/SDUP/lab4_pipeline/ip_repo/cordic_ip_1.0/hdl/elipse_with_cordic_rtl.v w ]
add_files C:/Users/Mateusz/Desktop/Magisterka_semestr_1/SDUP/repo/SDUP/lab4_pipeline/ip_repo/cordic_ip_1.0/hdl/elipse_with_cordic_rtl.v
update_compile_order -fileset sources_1
set_property SOURCE_SET sources_1 [get_filesets sim_1]
close [ open C:/Users/Mateusz/Desktop/Magisterka_semestr_1/SDUP/repo/SDUP/lab4_pipeline/ip_repo/cordic_ip_1.0/hdl/elipse_with_cordic_rtl_TB.v w ]
add_files -fileset sim_1 C:/Users/Mateusz/Desktop/Magisterka_semestr_1/SDUP/repo/SDUP/lab4_pipeline/ip_repo/cordic_ip_1.0/hdl/elipse_with_cordic_rtl_TB.v
update_compile_order -fileset sim_1
# Disabling source management mode.  This is to allow the top design properties to be set without GUI intervention.
set_property source_mgmt_mode None [current_project]
set_property top elipse_with_cordic_rtl_TB [get_filesets sim_1]
set_property top_lib xil_defaultlib [get_filesets sim_1]
# Re-enabling previously disabled source management mode.
set_property source_mgmt_mode All [current_project]
update_compile_order -fileset sim_1
launch_simulation
source elipse_with_cordic_rtl_TB.tcl
close_sim
launch_simulation
source elipse_with_cordic_rtl_TB.tcl
current_wave_config {Untitled 3}
add_wave {{/elipse_with_cordic_rtl_TB/elipse/sin}} 
current_wave_config {Untitled 3}
add_wave {{/elipse_with_cordic_rtl_TB/elipse/cos}} 
current_wave_config {Untitled 3}
add_wave {{/elipse_with_cordic_rtl_TB/elipse/angle}} 
relaunch_sim
current_wave_config {Untitled 3}
add_wave {{/elipse_with_cordic_rtl_TB/elipse/a_fxp}} 
current_wave_config {Untitled 3}
add_wave {{/elipse_with_cordic_rtl_TB/elipse/b_fxp}} 
relaunch_sim
relaunch_sim
relaunch_sim
relaunch_sim
relaunch_sim
close_sim
launch_simulation
source elipse_with_cordic_rtl_TB.tcl
current_wave_config {Untitled 4}
add_wave {{/elipse_with_cordic_rtl_TB/elipse/a_fxp}} 
current_wave_config {Untitled 4}
add_wave {{/elipse_with_cordic_rtl_TB/elipse/b_fxp}} 
current_wave_config {Untitled 4}
add_wave {{/elipse_with_cordic_rtl_TB/elipse/sin_mult}} 
current_wave_config {Untitled 4}
add_wave {{/elipse_with_cordic_rtl_TB/elipse/cos_mult}} 
current_wave_config {Untitled 4}
add_wave {{/elipse_with_cordic_rtl_TB/elipse/angle}} 
current_wave_config {Untitled 4}
add_wave {{/elipse_with_cordic_rtl_TB/elipse/sin}} 
current_wave_config {Untitled 4}
add_wave {{/elipse_with_cordic_rtl_TB/elipse/cos}} 
relaunch_sim
relaunch_sim
relaunch_sim
close_sim
set_property core_revision 3 [ipx::current_core]
ipx::update_source_project_archive -component [ipx::current_core]
ipx::create_xgui_files [ipx::current_core]
ipx::update_checksums [ipx::current_core]
ipx::save_core [ipx::current_core]
ipx::move_temp_component_back -component [ipx::current_core]
close_project -delete
update_ip_catalog -rebuild -repo_path c:/Users/Mateusz/Desktop/Magisterka_semestr_1/SDUP/repo/SDUP/lab4_pipeline/ip_repo/cordic_ip_1.0
