#-----------------------------------------------------------
# Vivado v2019.1 (64-bit)
# SW Build 2552052 on Fri May 24 14:49:42 MDT 2019
# IP Build 2548770 on Fri May 24 18:01:18 MDT 2019
# Start of session at: Wed Apr 20 19:54:46 2022
# Process ID: 18860
# Current directory: C:/Users/Mateusz/Desktop/Magisterka_semestr_1/SDUP/repo/SDUP/lab5_arm_pipeline/stream_acc_system/stream_acc_system.runs/stream_acc_design_axi_fifo_mm_s_0_0_synth_1
# Command line: vivado.exe -log stream_acc_design_axi_fifo_mm_s_0_0.vds -product Vivado -mode batch -messageDb vivado.pb -notrace -source stream_acc_design_axi_fifo_mm_s_0_0.tcl
# Log file: C:/Users/Mateusz/Desktop/Magisterka_semestr_1/SDUP/repo/SDUP/lab5_arm_pipeline/stream_acc_system/stream_acc_system.runs/stream_acc_design_axi_fifo_mm_s_0_0_synth_1/stream_acc_design_axi_fifo_mm_s_0_0.vds
# Journal file: C:/Users/Mateusz/Desktop/Magisterka_semestr_1/SDUP/repo/SDUP/lab5_arm_pipeline/stream_acc_system/stream_acc_system.runs/stream_acc_design_axi_fifo_mm_s_0_0_synth_1\vivado.jou
#-----------------------------------------------------------
source stream_acc_design_axi_fifo_mm_s_0_0.tcl -notrace
